[0.140s] DEBUG:colcon:Command line arguments: ['/usr/bin/colcon', 'build']
[0.140s] DEBUG:colcon:Parsed command line arguments: Namespace(log_base=None, log_level=None, verb_name='build', build_base='build', install_base='install', merge_install=False, symlink_install=False, test_result_base=None, continue_on_error=False, executor='parallel', parallel_workers=4, event_handlers=None, ignore_user_meta=False, metas=['./colcon.meta'], base_paths=['.'], packages_ignore=None, packages_ignore_regex=None, paths=None, packages_up_to=None, packages_up_to_regex=None, packages_above=None, packages_above_and_dependencies=None, packages_above_depth=None, packages_select_by_dep=None, packages_skip_by_dep=None, packages_skip_up_to=None, packages_select_build_failed=False, packages_skip_build_finished=False, packages_select_test_failures=False, packages_skip_test_passed=False, packages_select=None, packages_skip=None, packages_select_regex=None, packages_skip_regex=None, packages_start=None, packages_end=None, allow_overriding=[], cmake_args=None, cmake_target=None, cmake_target_skip_unavailable=False, cmake_clean_cache=False, cmake_clean_first=False, cmake_force_configure=False, ament_cmake_args=None, catkin_cmake_args=None, catkin_skip_building_tests=False, mixin_files=None, mixin=None, verb_parser=<colcon_mixin.mixin.mixin_argument.MixinArgumentDecorator object at 0xffff9b024710>, verb_extension=<colcon_core.verb.build.BuildVerb object at 0xffff9b1aba70>, main=<bound method BuildVerb.main of <colcon_core.verb.build.BuildVerb object at 0xffff9b1aba70>>, mixin_verb=('build',))
[0.200s] Level 1:colcon.colcon_core.package_discovery:discover_packages(colcon_meta) check parameters
[0.200s] Level 1:colcon.colcon_core.package_discovery:discover_packages(recursive) check parameters
[0.200s] Level 1:colcon.colcon_core.package_discovery:discover_packages(ignore) check parameters
[0.200s] Level 1:colcon.colcon_core.package_discovery:discover_packages(path) check parameters
[0.200s] Level 1:colcon.colcon_core.package_discovery:discover_packages(colcon_meta) discover
[0.200s] Level 1:colcon.colcon_core.package_discovery:discover_packages(recursive) discover
[0.200s] INFO:colcon.colcon_core.package_discovery:Crawling recursively for packages in '/home/thevinufpi/work/projects/leo-floor-cleaning-robot/robotics/viz_ws'
[0.201s] Level 1:colcon.colcon_core.package_identification:_identify(.) by extensions ['ignore', 'ignore_ament_install']
[0.201s] Level 1:colcon.colcon_core.package_identification:_identify(.) by extension 'ignore'
[0.201s] Level 1:colcon.colcon_core.package_identification:_identify(.) by extension 'ignore_ament_install'
[0.201s] Level 1:colcon.colcon_core.package_identification:_identify(.) by extensions ['colcon_pkg']
[0.201s] Level 1:colcon.colcon_core.package_identification:_identify(.) by extension 'colcon_pkg'
[0.201s] Level 1:colcon.colcon_core.package_identification:_identify(.) by extensions ['colcon_meta']
[0.201s] Level 1:colcon.colcon_core.package_identification:_identify(.) by extension 'colcon_meta'
[0.201s] Level 1:colcon.colcon_core.package_identification:_identify(.) by extensions ['ros']
[0.201s] Level 1:colcon.colcon_core.package_identification:_identify(.) by extension 'ros'
[0.252s] Level 1:colcon.colcon_core.package_identification:_identify(.) by extensions ['cmake', 'python']
[0.252s] Level 1:colcon.colcon_core.package_identification:_identify(.) by extension 'cmake'
[0.252s] Level 1:colcon.colcon_core.package_identification:_identify(.) by extension 'python'
[0.252s] Level 1:colcon.colcon_core.package_identification:_identify(.) by extensions ['python_setup_py']
[0.252s] Level 1:colcon.colcon_core.package_identification:_identify(.) by extension 'python_setup_py'
[0.252s] Level 1:colcon.colcon_core.package_identification:_identify(build) by extensions ['ignore', 'ignore_ament_install']
[0.253s] Level 1:colcon.colcon_core.package_identification:_identify(build) by extension 'ignore'
[0.253s] Level 1:colcon.colcon_core.package_identification:_identify(build) ignored
[0.253s] Level 1:colcon.colcon_core.package_identification:_identify(install) by extensions ['ignore', 'ignore_ament_install']
[0.253s] Level 1:colcon.colcon_core.package_identification:_identify(install) by extension 'ignore'
[0.253s] Level 1:colcon.colcon_core.package_identification:_identify(install) ignored
[0.253s] Level 1:colcon.colcon_core.package_identification:_identify(log) by extensions ['ignore', 'ignore_ament_install']
[0.253s] Level 1:colcon.colcon_core.package_identification:_identify(log) by extension 'ignore'
[0.253s] Level 1:colcon.colcon_core.package_identification:_identify(log) ignored
[0.253s] Level 1:colcon.colcon_core.package_identification:_identify(src) by extensions ['ignore', 'ignore_ament_install']
[0.254s] Level 1:colcon.colcon_core.package_identification:_identify(src) by extension 'ignore'
[0.254s] Level 1:colcon.colcon_core.package_identification:_identify(src) by extension 'ignore_ament_install'
[0.254s] Level 1:colcon.colcon_core.package_identification:_identify(src) by extensions ['colcon_pkg']
[0.254s] Level 1:colcon.colcon_core.package_identification:_identify(src) by extension 'colcon_pkg'
[0.254s] Level 1:colcon.colcon_core.package_identification:_identify(src) by extensions ['colcon_meta']
[0.254s] Level 1:colcon.colcon_core.package_identification:_identify(src) by extension 'colcon_meta'
[0.254s] Level 1:colcon.colcon_core.package_identification:_identify(src) by extensions ['ros']
[0.254s] Level 1:colcon.colcon_core.package_identification:_identify(src) by extension 'ros'
[0.254s] Level 1:colcon.colcon_core.package_identification:_identify(src) by extensions ['cmake', 'python']
[0.254s] Level 1:colcon.colcon_core.package_identification:_identify(src) by extension 'cmake'
[0.254s] Level 1:colcon.colcon_core.package_identification:_identify(src) by extension 'python'
[0.254s] Level 1:colcon.colcon_core.package_identification:_identify(src) by extensions ['python_setup_py']
[0.254s] Level 1:colcon.colcon_core.package_identification:_identify(src) by extension 'python_setup_py'
[0.254s] Level 1:colcon.colcon_core.package_identification:_identify(src/slam_viz) by extensions ['ignore', 'ignore_ament_install']
[0.255s] Level 1:colcon.colcon_core.package_identification:_identify(src/slam_viz) by extension 'ignore'
[0.255s] Level 1:colcon.colcon_core.package_identification:_identify(src/slam_viz) by extension 'ignore_ament_install'
[0.255s] Level 1:colcon.colcon_core.package_identification:_identify(src/slam_viz) by extensions ['colcon_pkg']
[0.255s] Level 1:colcon.colcon_core.package_identification:_identify(src/slam_viz) by extension 'colcon_pkg'
[0.255s] Level 1:colcon.colcon_core.package_identification:_identify(src/slam_viz) by extensions ['colcon_meta']
[0.255s] Level 1:colcon.colcon_core.package_identification:_identify(src/slam_viz) by extension 'colcon_meta'
[0.255s] Level 1:colcon.colcon_core.package_identification:_identify(src/slam_viz) by extensions ['ros']
[0.255s] Level 1:colcon.colcon_core.package_identification:_identify(src/slam_viz) by extension 'ros'
[0.259s] DEBUG:colcon.colcon_core.package_identification:Package 'src/slam_viz' with type 'ros.ament_cmake' and name 'slam_viz'
[0.259s] Level 1:colcon.colcon_core.package_discovery:discover_packages(recursive) using defaults
[0.259s] Level 1:colcon.colcon_core.package_discovery:discover_packages(ignore) discover
[0.259s] Level 1:colcon.colcon_core.package_discovery:discover_packages(ignore) using defaults
[0.259s] Level 1:colcon.colcon_core.package_discovery:discover_packages(path) discover
[0.259s] Level 1:colcon.colcon_core.package_discovery:discover_packages(path) using defaults
[0.290s] Level 1:colcon.colcon_core.package_discovery:discover_packages(prefix_path) check parameters
[0.290s] Level 1:colcon.colcon_core.package_discovery:discover_packages(prefix_path) discover
[0.293s] DEBUG:colcon.colcon_installed_package_information.package_discovery:Found 223 installed packages in /opt/ros/jazzy
[0.294s] Level 1:colcon.colcon_core.package_discovery:discover_packages(prefix_path) using defaults
[0.346s] Level 5:colcon.colcon_core.verb:set package 'slam_viz' build argument 'cmake_args' from command line to 'None'
[0.346s] Level 5:colcon.colcon_core.verb:set package 'slam_viz' build argument 'cmake_target' from command line to 'None'
[0.346s] Level 5:colcon.colcon_core.verb:set package 'slam_viz' build argument 'cmake_target_skip_unavailable' from command line to 'False'
[0.346s] Level 5:colcon.colcon_core.verb:set package 'slam_viz' build argument 'cmake_clean_cache' from command line to 'False'
[0.346s] Level 5:colcon.colcon_core.verb:set package 'slam_viz' build argument 'cmake_clean_first' from command line to 'False'
[0.346s] Level 5:colcon.colcon_core.verb:set package 'slam_viz' build argument 'cmake_force_configure' from command line to 'False'
[0.346s] Level 5:colcon.colcon_core.verb:set package 'slam_viz' build argument 'ament_cmake_args' from command line to 'None'
[0.346s] Level 5:colcon.colcon_core.verb:set package 'slam_viz' build argument 'catkin_cmake_args' from command line to 'None'
[0.346s] Level 5:colcon.colcon_core.verb:set package 'slam_viz' build argument 'catkin_skip_building_tests' from command line to 'False'
[0.346s] DEBUG:colcon.colcon_core.verb:Building package 'slam_viz' with the following arguments: {'ament_cmake_args': None, 'build_base': '/home/thevinufpi/work/projects/leo-floor-cleaning-robot/robotics/viz_ws/build/slam_viz', 'catkin_cmake_args': None, 'catkin_skip_building_tests': False, 'cmake_args': None, 'cmake_clean_cache': False, 'cmake_clean_first': False, 'cmake_force_configure': False, 'cmake_target': None, 'cmake_target_skip_unavailable': False, 'install_base': '/home/thevinufpi/work/projects/leo-floor-cleaning-robot/robotics/viz_ws/install/slam_viz', 'merge_install': False, 'path': '/home/thevinufpi/work/projects/leo-floor-cleaning-robot/robotics/viz_ws/src/slam_viz', 'symlink_install': False, 'test_result_base': None}
[0.346s] INFO:colcon.colcon_core.executor:Executing jobs using 'parallel' executor
[0.348s] DEBUG:colcon.colcon_parallel_executor.executor.parallel:run_until_complete
[0.348s] INFO:colcon.colcon_ros.task.ament_cmake.build:Building ROS package in '/home/thevinufpi/work/projects/leo-floor-cleaning-robot/robotics/viz_ws/src/slam_viz' with build type 'ament_cmake'
[0.348s] INFO:colcon.colcon_cmake.task.cmake.build:Building CMake package in '/home/thevinufpi/work/projects/leo-floor-cleaning-robot/robotics/viz_ws/src/slam_viz'
[0.350s] INFO:colcon.colcon_core.plugin_system:Skipping extension 'colcon_core.shell.bat': Not used on non-Windows systems
[0.350s] INFO:colcon.colcon_core.shell:Skip shell extension 'powershell' for command environment: Not usable outside of PowerShell
[0.350s] DEBUG:colcon.colcon_core.shell:Skip shell extension 'dsv' for command environment
[0.358s] DEBUG:colcon.colcon_core.event_handler.log_command:Invoking command in '/home/thevinufpi/work/projects/leo-floor-cleaning-robot/robotics/viz_ws/build/slam_viz': CMAKE_PREFIX_PATH=${CMAKE_PREFIX_PATH}:/opt/ros/jazzy /usr/bin/cmake /home/thevinufpi/work/projects/leo-floor-cleaning-robot/robotics/viz_ws/src/slam_viz -DCMAKE_INSTALL_PREFIX=/home/thevinufpi/work/projects/leo-floor-cleaning-robot/robotics/viz_ws/install/slam_viz
[1.566s] DEBUG:colcon.colcon_core.event_handler.log_command:Invoked command in '/home/thevinufpi/work/projects/leo-floor-cleaning-robot/robotics/viz_ws/build/slam_viz' returned '0': CMAKE_PREFIX_PATH=${CMAKE_PREFIX_PATH}:/opt/ros/jazzy /usr/bin/cmake /home/thevinufpi/work/projects/leo-floor-cleaning-robot/robotics/viz_ws/src/slam_viz -DCMAKE_INSTALL_PREFIX=/home/thevinufpi/work/projects/leo-floor-cleaning-robot/robotics/viz_ws/install/slam_viz
[1.568s] DEBUG:colcon.colcon_core.event_handler.log_command:Invoking command in '/home/thevinufpi/work/projects/leo-floor-cleaning-robot/robotics/viz_ws/build/slam_viz': CMAKE_PREFIX_PATH=${CMAKE_PREFIX_PATH}:/opt/ros/jazzy /usr/bin/cmake --build /home/thevinufpi/work/projects/leo-floor-cleaning-robot/robotics/viz_ws/build/slam_viz -- -j4 -l4
[1.636s] DEBUG:colcon.colcon_core.event_handler.log_command:Invoked command in '/home/thevinufpi/work/projects/leo-floor-cleaning-robot/robotics/viz_ws/build/slam_viz' returned '0': CMAKE_PREFIX_PATH=${CMAKE_PREFIX_PATH}:/opt/ros/jazzy /usr/bin/cmake --build /home/thevinufpi/work/projects/leo-floor-cleaning-robot/robotics/viz_ws/build/slam_viz -- -j4 -l4
[1.653s] DEBUG:colcon.colcon_core.event_handler.log_command:Invoking command in '/home/thevinufpi/work/projects/leo-floor-cleaning-robot/robotics/viz_ws/build/slam_viz': CMAKE_PREFIX_PATH=${CMAKE_PREFIX_PATH}:/opt/ros/jazzy /usr/bin/cmake --install /home/thevinufpi/work/projects/leo-floor-cleaning-robot/robotics/viz_ws/build/slam_viz
[1.672s] Level 1:colcon.colcon_core.environment:create_environment_scripts_only(slam_viz)
[1.673s] DEBUG:colcon.colcon_core.event_handler.log_command:Invoked command in '/home/thevinufpi/work/projects/leo-floor-cleaning-robot/robotics/viz_ws/build/slam_viz' returned '0': CMAKE_PREFIX_PATH=${CMAKE_PREFIX_PATH}:/opt/ros/jazzy /usr/bin/cmake --install /home/thevinufpi/work/projects/leo-floor-cleaning-robot/robotics/viz_ws/build/slam_viz
[1.675s] Level 1:colcon.colcon_core.environment:checking '/home/thevinufpi/work/projects/leo-floor-cleaning-robot/robotics/viz_ws/install/slam_viz' for CMake module files
[1.676s] Level 1:colcon.colcon_core.environment:checking '/home/thevinufpi/work/projects/leo-floor-cleaning-robot/robotics/viz_ws/install/slam_viz' for CMake config files
[1.676s] Level 1:colcon.colcon_core.shell:create_environment_hook('slam_viz', 'cmake_prefix_path')
[1.677s] INFO:colcon.colcon_core.shell:Creating environment hook '/home/thevinufpi/work/projects/leo-floor-cleaning-robot/robotics/viz_ws/install/slam_viz/share/slam_viz/hook/cmake_prefix_path.ps1'
[1.677s] INFO:colcon.colcon_core.shell:Creating environment descriptor '/home/thevinufpi/work/projects/leo-floor-cleaning-robot/robotics/viz_ws/install/slam_viz/share/slam_viz/hook/cmake_prefix_path.dsv'
[1.678s] INFO:colcon.colcon_core.shell:Creating environment hook '/home/thevinufpi/work/projects/leo-floor-cleaning-robot/robotics/viz_ws/install/slam_viz/share/slam_viz/hook/cmake_prefix_path.sh'
[1.679s] Level 1:colcon.colcon_core.environment:checking '/home/thevinufpi/work/projects/leo-floor-cleaning-robot/robotics/viz_ws/install/slam_viz/bin'
[1.679s] Level 1:colcon.colcon_core.environment:checking '/home/thevinufpi/work/projects/leo-floor-cleaning-robot/robotics/viz_ws/install/slam_viz/lib/pkgconfig/slam_viz.pc'
[1.680s] Level 1:colcon.colcon_core.environment:checking '/home/thevinufpi/work/projects/leo-floor-cleaning-robot/robotics/viz_ws/install/slam_viz/lib/python3.12/site-packages'
[1.680s] Level 1:colcon.colcon_core.environment:checking '/home/thevinufpi/work/projects/leo-floor-cleaning-robot/robotics/viz_ws/install/slam_viz/bin'
[1.680s] INFO:colcon.colcon_core.shell:Creating package script '/home/thevinufpi/work/projects/leo-floor-cleaning-robot/robotics/viz_ws/install/slam_viz/share/slam_viz/package.ps1'
[1.681s] INFO:colcon.colcon_core.shell:Creating package descriptor '/home/thevinufpi/work/projects/leo-floor-cleaning-robot/robotics/viz_ws/install/slam_viz/share/slam_viz/package.dsv'
[1.682s] INFO:colcon.colcon_core.shell:Creating package script '/home/thevinufpi/work/projects/leo-floor-cleaning-robot/robotics/viz_ws/install/slam_viz/share/slam_viz/package.sh'
[1.683s] INFO:colcon.colcon_core.shell:Creating package script '/home/thevinufpi/work/projects/leo-floor-cleaning-robot/robotics/viz_ws/install/slam_viz/share/slam_viz/package.bash'
[1.683s] INFO:colcon.colcon_core.shell:Creating package script '/home/thevinufpi/work/projects/leo-floor-cleaning-robot/robotics/viz_ws/install/slam_viz/share/slam_viz/package.zsh'
[1.684s] Level 1:colcon.colcon_core.environment:create_file_with_runtime_dependencies(/home/thevinufpi/work/projects/leo-floor-cleaning-robot/robotics/viz_ws/install/slam_viz/share/colcon-core/packages/slam_viz)
[1.685s] Level 1:colcon.colcon_core.environment:create_environment_scripts_only(slam_viz)
[1.686s] Level 1:colcon.colcon_core.environment:checking '/home/thevinufpi/work/projects/leo-floor-cleaning-robot/robotics/viz_ws/install/slam_viz' for CMake module files
[1.686s] Level 1:colcon.colcon_core.environment:checking '/home/thevinufpi/work/projects/leo-floor-cleaning-robot/robotics/viz_ws/install/slam_viz' for CMake config files
[1.687s] Level 1:colcon.colcon_core.shell:create_environment_hook('slam_viz', 'cmake_prefix_path')
[1.687s] INFO:colcon.colcon_core.shell:Creating environment hook '/home/thevinufpi/work/projects/leo-floor-cleaning-robot/robotics/viz_ws/install/slam_viz/share/slam_viz/hook/cmake_prefix_path.ps1'
[1.688s] INFO:colcon.colcon_core.shell:Creating environment descriptor '/home/thevinufpi/work/projects/leo-floor-cleaning-robot/robotics/viz_ws/install/slam_viz/share/slam_viz/hook/cmake_prefix_path.dsv'
[1.689s] INFO:colcon.colcon_core.shell:Creating environment hook '/home/thevinufpi/work/projects/leo-floor-cleaning-robot/robotics/viz_ws/install/slam_viz/share/slam_viz/hook/cmake_prefix_path.sh'
[1.690s] Level 1:colcon.colcon_core.environment:checking '/home/thevinufpi/work/projects/leo-floor-cleaning-robot/robotics/viz_ws/install/slam_viz/bin'
[1.690s] Level 1:colcon.colcon_core.environment:checking '/home/thevinufpi/work/projects/leo-floor-cleaning-robot/robotics/viz_ws/install/slam_viz/lib/pkgconfig/slam_viz.pc'
[1.690s] Level 1:colcon.colcon_core.environment:checking '/home/thevinufpi/work/projects/leo-floor-cleaning-robot/robotics/viz_ws/install/slam_viz/lib/python3.12/site-packages'
[1.691s] Level 1:colcon.colcon_core.environment:checking '/home/thevinufpi/work/projects/leo-floor-cleaning-robot/robotics/viz_ws/install/slam_viz/bin'
[1.691s] INFO:colcon.colcon_core.shell:Creating package script '/home/thevinufpi/work/projects/leo-floor-cleaning-robot/robotics/viz_ws/install/slam_viz/share/slam_viz/package.ps1'
[1.692s] INFO:colcon.colcon_core.shell:Creating package descriptor '/home/thevinufpi/work/projects/leo-floor-cleaning-robot/robotics/viz_ws/install/slam_viz/share/slam_viz/package.dsv'
[1.693s] INFO:colcon.colcon_core.shell:Creating package script '/home/thevinufpi/work/projects/leo-floor-cleaning-robot/robotics/viz_ws/install/slam_viz/share/slam_viz/package.sh'
[1.694s] INFO:colcon.colcon_core.shell:Creating package script '/home/thevinufpi/work/projects/leo-floor-cleaning-robot/robotics/viz_ws/install/slam_viz/share/slam_viz/package.bash'
[1.695s] INFO:colcon.colcon_core.shell:Creating package script '/home/thevinufpi/work/projects/leo-floor-cleaning-robot/robotics/viz_ws/install/slam_viz/share/slam_viz/package.zsh'
[1.696s] Level 1:colcon.colcon_core.environment:create_file_with_runtime_dependencies(/home/thevinufpi/work/projects/leo-floor-cleaning-robot/robotics/viz_ws/install/slam_viz/share/colcon-core/packages/slam_viz)
[1.697s] DEBUG:colcon.colcon_parallel_executor.executor.parallel:closing loop
[1.698s] DEBUG:colcon.colcon_parallel_executor.executor.parallel:loop closed
[1.698s] DEBUG:colcon.colcon_parallel_executor.executor.parallel:run_until_complete finished with '0'
[1.698s] DEBUG:colcon.colcon_core.event_reactor:joining thread
[1.698s] DEBUG:colcon.colcon_core.event_reactor:joined thread
[1.698s] INFO:colcon.colcon_core.shell:Creating prefix script '/home/thevinufpi/work/projects/leo-floor-cleaning-robot/robotics/viz_ws/install/local_setup.ps1'
[1.699s] INFO:colcon.colcon_core.shell:Creating prefix util module '/home/thevinufpi/work/projects/leo-floor-cleaning-robot/robotics/viz_ws/install/_local_setup_util_ps1.py'
[1.701s] INFO:colcon.colcon_core.shell:Creating prefix chain script '/home/thevinufpi/work/projects/leo-floor-cleaning-robot/robotics/viz_ws/install/setup.ps1'
[1.702s] INFO:colcon.colcon_core.shell:Creating prefix script '/home/thevinufpi/work/projects/leo-floor-cleaning-robot/robotics/viz_ws/install/local_setup.sh'
[1.702s] INFO:colcon.colcon_core.shell:Creating prefix util module '/home/thevinufpi/work/projects/leo-floor-cleaning-robot/robotics/viz_ws/install/_local_setup_util_sh.py'
[1.703s] INFO:colcon.colcon_core.shell:Creating prefix chain script '/home/thevinufpi/work/projects/leo-floor-cleaning-robot/robotics/viz_ws/install/setup.sh'
[1.704s] INFO:colcon.colcon_core.shell:Creating prefix script '/home/thevinufpi/work/projects/leo-floor-cleaning-robot/robotics/viz_ws/install/local_setup.bash'
[1.705s] INFO:colcon.colcon_core.shell:Creating prefix chain script '/home/thevinufpi/work/projects/leo-floor-cleaning-robot/robotics/viz_ws/install/setup.bash'
[1.706s] INFO:colcon.colcon_core.shell:Creating prefix script '/home/thevinufpi/work/projects/leo-floor-cleaning-robot/robotics/viz_ws/install/local_setup.zsh'
[1.706s] INFO:colcon.colcon_core.shell:Creating prefix chain script '/home/thevinufpi/work/projects/leo-floor-cleaning-robot/robotics/viz_ws/install/setup.zsh'
